// Jest Snapshot v1, https://goo.gl/fbAQLP

exports[`<Contact /> should match snapshot 1`] = `
ShallowWrapper {
  "length": 1,
  Symbol(enzyme.__root__): [Circular],
  Symbol(enzyme.__unrendered__): <Home />,
  Symbol(enzyme.__renderer__): Object {
    "batchedUpdates": [Function],
    "getNode": [Function],
    "render": [Function],
    "simulateEvent": [Function],
    "unmount": [Function],
  },
  Symbol(enzyme.__node__): Object {
    "instance": null,
    "key": undefined,
    "nodeType": "host",
    "props": Object {
      "children": Array [
        <article>
          <h1 />
          <Markup
            content=""
            disableLineBreaks={false}
            disableWhitelist={false}
            emptyContent={null}
            noHtml={false}
            noHtmlExceptMatchers={false}
            tag="div"
            tagName="span"
          />
        </article>,
        <aside>
          <div
            className="aside-block"
          >
            <p>
              I know all the twitters.
            </p>
            <span>
               - Ken Elliott
            </span>
          </div>
        </aside>,
      ],
      "className": "content-container",
    },
    "ref": null,
    "rendered": Array [
      Object {
        "instance": null,
        "key": undefined,
        "nodeType": "host",
        "props": Object {
          "children": Array [
            <h1 />,
            <Markup
              content=""
              disableLineBreaks={false}
              disableWhitelist={false}
              emptyContent={null}
              noHtml={false}
              noHtmlExceptMatchers={false}
              tag="div"
              tagName="span"
            />,
          ],
        },
        "ref": null,
        "rendered": Array [
          Object {
            "instance": null,
            "key": undefined,
            "nodeType": "host",
            "props": Object {
              "children": undefined,
            },
            "ref": null,
            "rendered": null,
            "type": "h1",
          },
          Object {
            "instance": null,
            "key": undefined,
            "nodeType": "class",
            "props": Object {
              "content": "",
              "disableLineBreaks": false,
              "disableWhitelist": false,
              "emptyContent": null,
              "noHtml": false,
              "noHtmlExceptMatchers": false,
              "tag": "div",
              "tagName": "span",
            },
            "ref": null,
            "rendered": null,
            "type": [Function],
          },
        ],
        "type": "article",
      },
      Object {
        "instance": null,
        "key": undefined,
        "nodeType": "host",
        "props": Object {
          "children": <div
            className="aside-block"
          >
            <p>
              I know all the twitters.
            </p>
            <span>
               - Ken Elliott
            </span>
          </div>,
        },
        "ref": null,
        "rendered": Object {
          "instance": null,
          "key": undefined,
          "nodeType": "host",
          "props": Object {
            "children": Array [
              <p>
                I know all the twitters.
              </p>,
              <span>
                 - Ken Elliott
              </span>,
            ],
            "className": "aside-block",
          },
          "ref": null,
          "rendered": Array [
            Object {
              "instance": null,
              "key": undefined,
              "nodeType": "host",
              "props": Object {
                "children": "I know all the twitters.",
              },
              "ref": null,
              "rendered": "I know all the twitters.",
              "type": "p",
            },
            Object {
              "instance": null,
              "key": undefined,
              "nodeType": "host",
              "props": Object {
                "children": " - Ken Elliott",
              },
              "ref": null,
              "rendered": " - Ken Elliott",
              "type": "span",
            },
          ],
          "type": "div",
        },
        "type": "aside",
      },
    ],
    "type": "div",
  },
  Symbol(enzyme.__nodes__): Array [
    Object {
      "instance": null,
      "key": undefined,
      "nodeType": "host",
      "props": Object {
        "children": Array [
          <article>
            <h1 />
            <Markup
              content=""
              disableLineBreaks={false}
              disableWhitelist={false}
              emptyContent={null}
              noHtml={false}
              noHtmlExceptMatchers={false}
              tag="div"
              tagName="span"
            />
          </article>,
          <aside>
            <div
              className="aside-block"
            >
              <p>
                I know all the twitters.
              </p>
              <span>
                 - Ken Elliott
              </span>
            </div>
          </aside>,
        ],
        "className": "content-container",
      },
      "ref": null,
      "rendered": Array [
        Object {
          "instance": null,
          "key": undefined,
          "nodeType": "host",
          "props": Object {
            "children": Array [
              <h1 />,
              <Markup
                content=""
                disableLineBreaks={false}
                disableWhitelist={false}
                emptyContent={null}
                noHtml={false}
                noHtmlExceptMatchers={false}
                tag="div"
                tagName="span"
              />,
            ],
          },
          "ref": null,
          "rendered": Array [
            Object {
              "instance": null,
              "key": undefined,
              "nodeType": "host",
              "props": Object {
                "children": undefined,
              },
              "ref": null,
              "rendered": null,
              "type": "h1",
            },
            Object {
              "instance": null,
              "key": undefined,
              "nodeType": "class",
              "props": Object {
                "content": "",
                "disableLineBreaks": false,
                "disableWhitelist": false,
                "emptyContent": null,
                "noHtml": false,
                "noHtmlExceptMatchers": false,
                "tag": "div",
                "tagName": "span",
              },
              "ref": null,
              "rendered": null,
              "type": [Function],
            },
          ],
          "type": "article",
        },
        Object {
          "instance": null,
          "key": undefined,
          "nodeType": "host",
          "props": Object {
            "children": <div
              className="aside-block"
            >
              <p>
                I know all the twitters.
              </p>
              <span>
                 - Ken Elliott
              </span>
            </div>,
          },
          "ref": null,
          "rendered": Object {
            "instance": null,
            "key": undefined,
            "nodeType": "host",
            "props": Object {
              "children": Array [
                <p>
                  I know all the twitters.
                </p>,
                <span>
                   - Ken Elliott
                </span>,
              ],
              "className": "aside-block",
            },
            "ref": null,
            "rendered": Array [
              Object {
                "instance": null,
                "key": undefined,
                "nodeType": "host",
                "props": Object {
                  "children": "I know all the twitters.",
                },
                "ref": null,
                "rendered": "I know all the twitters.",
                "type": "p",
              },
              Object {
                "instance": null,
                "key": undefined,
                "nodeType": "host",
                "props": Object {
                  "children": " - Ken Elliott",
                },
                "ref": null,
                "rendered": " - Ken Elliott",
                "type": "span",
              },
            ],
            "type": "div",
          },
          "type": "aside",
        },
      ],
      "type": "div",
    },
  ],
  Symbol(enzyme.__options__): Object {
    "adapter": ReactSixteenAdapter {
      "options": Object {
        "enableComponentDidUpdateOnSetState": true,
      },
    },
  },
}
`;
