// Jest Snapshot v1, https://goo.gl/fbAQLP

exports[`<TopNav /> should match snapshot 1`] = `
ShallowWrapper {
  "length": 1,
  Symbol(enzyme.__root__): [Circular],
  Symbol(enzyme.__unrendered__): <TopNav />,
  Symbol(enzyme.__renderer__): Object {
    "batchedUpdates": [Function],
    "getNode": [Function],
    "render": [Function],
    "simulateEvent": [Function],
    "unmount": [Function],
  },
  Symbol(enzyme.__node__): Object {
    "instance": null,
    "key": undefined,
    "nodeType": "host",
    "props": Object {
      "children": <div
        className="top-container"
      >
        <div
          className="logo"
        />
        <ul
          className="routes-nav"
        >
          <li>
            <Link
              aria-label="link to the homepage"
              replace={false}
              to="/"
            >
              Home
            </Link>
          </li>
          <li>
            <Link
              aria-label="link to the blog section"
              replace={false}
              to="/blog"
            >
              Blog
            </Link>
          </li>
          <li>
            <Link
              aria-label="link to Ken Elliott's resume"
              replace={false}
              to="/resume"
            >
              Resume
            </Link>
          </li>
          <li>
            <a
              aria-label="link to the contact form"
              href="#4"
            >
              Contact
            </a>
          </li>
        </ul>
      </div>,
      "className": "top",
    },
    "ref": null,
    "rendered": Object {
      "instance": null,
      "key": undefined,
      "nodeType": "host",
      "props": Object {
        "children": Array [
          <div
            className="logo"
          />,
          <ul
            className="routes-nav"
          >
            <li>
              <Link
                aria-label="link to the homepage"
                replace={false}
                to="/"
              >
                Home
              </Link>
            </li>
            <li>
              <Link
                aria-label="link to the blog section"
                replace={false}
                to="/blog"
              >
                Blog
              </Link>
            </li>
            <li>
              <Link
                aria-label="link to Ken Elliott's resume"
                replace={false}
                to="/resume"
              >
                Resume
              </Link>
            </li>
            <li>
              <a
                aria-label="link to the contact form"
                href="#4"
              >
                Contact
              </a>
            </li>
          </ul>,
        ],
        "className": "top-container",
      },
      "ref": null,
      "rendered": Array [
        Object {
          "instance": null,
          "key": undefined,
          "nodeType": "host",
          "props": Object {
            "className": "logo",
          },
          "ref": null,
          "rendered": null,
          "type": "div",
        },
        Object {
          "instance": null,
          "key": undefined,
          "nodeType": "host",
          "props": Object {
            "children": Array [
              <li>
                <Link
                  aria-label="link to the homepage"
                  replace={false}
                  to="/"
                >
                  Home
                </Link>
              </li>,
              <li>
                <Link
                  aria-label="link to the blog section"
                  replace={false}
                  to="/blog"
                >
                  Blog
                </Link>
              </li>,
              <li>
                <Link
                  aria-label="link to Ken Elliott's resume"
                  replace={false}
                  to="/resume"
                >
                  Resume
                </Link>
              </li>,
              <li>
                <a
                  aria-label="link to the contact form"
                  href="#4"
                >
                  Contact
                </a>
              </li>,
            ],
            "className": "routes-nav",
          },
          "ref": null,
          "rendered": Array [
            Object {
              "instance": null,
              "key": undefined,
              "nodeType": "host",
              "props": Object {
                "children": <Link
                  aria-label="link to the homepage"
                  replace={false}
                  to="/"
                >
                  Home
                </Link>,
              },
              "ref": null,
              "rendered": Object {
                "instance": null,
                "key": undefined,
                "nodeType": "class",
                "props": Object {
                  "aria-label": "link to the homepage",
                  "children": "Home",
                  "replace": false,
                  "to": "/",
                },
                "ref": null,
                "rendered": "Home",
                "type": [Function],
              },
              "type": "li",
            },
            Object {
              "instance": null,
              "key": undefined,
              "nodeType": "host",
              "props": Object {
                "children": <Link
                  aria-label="link to the blog section"
                  replace={false}
                  to="/blog"
                >
                  Blog
                </Link>,
              },
              "ref": null,
              "rendered": Object {
                "instance": null,
                "key": undefined,
                "nodeType": "class",
                "props": Object {
                  "aria-label": "link to the blog section",
                  "children": "Blog",
                  "replace": false,
                  "to": "/blog",
                },
                "ref": null,
                "rendered": "Blog",
                "type": [Function],
              },
              "type": "li",
            },
            Object {
              "instance": null,
              "key": undefined,
              "nodeType": "host",
              "props": Object {
                "children": <Link
                  aria-label="link to Ken Elliott's resume"
                  replace={false}
                  to="/resume"
                >
                  Resume
                </Link>,
              },
              "ref": null,
              "rendered": Object {
                "instance": null,
                "key": undefined,
                "nodeType": "class",
                "props": Object {
                  "aria-label": "link to Ken Elliott's resume",
                  "children": "Resume",
                  "replace": false,
                  "to": "/resume",
                },
                "ref": null,
                "rendered": "Resume",
                "type": [Function],
              },
              "type": "li",
            },
            Object {
              "instance": null,
              "key": undefined,
              "nodeType": "host",
              "props": Object {
                "children": <a
                  aria-label="link to the contact form"
                  href="#4"
                >
                  Contact
                </a>,
              },
              "ref": null,
              "rendered": Object {
                "instance": null,
                "key": undefined,
                "nodeType": "host",
                "props": Object {
                  "aria-label": "link to the contact form",
                  "children": "Contact",
                  "href": "#4",
                },
                "ref": null,
                "rendered": "Contact",
                "type": "a",
              },
              "type": "li",
            },
          ],
          "type": "ul",
        },
      ],
      "type": "div",
    },
    "type": "section",
  },
  Symbol(enzyme.__nodes__): Array [
    Object {
      "instance": null,
      "key": undefined,
      "nodeType": "host",
      "props": Object {
        "children": <div
          className="top-container"
        >
          <div
            className="logo"
          />
          <ul
            className="routes-nav"
          >
            <li>
              <Link
                aria-label="link to the homepage"
                replace={false}
                to="/"
              >
                Home
              </Link>
            </li>
            <li>
              <Link
                aria-label="link to the blog section"
                replace={false}
                to="/blog"
              >
                Blog
              </Link>
            </li>
            <li>
              <Link
                aria-label="link to Ken Elliott's resume"
                replace={false}
                to="/resume"
              >
                Resume
              </Link>
            </li>
            <li>
              <a
                aria-label="link to the contact form"
                href="#4"
              >
                Contact
              </a>
            </li>
          </ul>
        </div>,
        "className": "top",
      },
      "ref": null,
      "rendered": Object {
        "instance": null,
        "key": undefined,
        "nodeType": "host",
        "props": Object {
          "children": Array [
            <div
              className="logo"
            />,
            <ul
              className="routes-nav"
            >
              <li>
                <Link
                  aria-label="link to the homepage"
                  replace={false}
                  to="/"
                >
                  Home
                </Link>
              </li>
              <li>
                <Link
                  aria-label="link to the blog section"
                  replace={false}
                  to="/blog"
                >
                  Blog
                </Link>
              </li>
              <li>
                <Link
                  aria-label="link to Ken Elliott's resume"
                  replace={false}
                  to="/resume"
                >
                  Resume
                </Link>
              </li>
              <li>
                <a
                  aria-label="link to the contact form"
                  href="#4"
                >
                  Contact
                </a>
              </li>
            </ul>,
          ],
          "className": "top-container",
        },
        "ref": null,
        "rendered": Array [
          Object {
            "instance": null,
            "key": undefined,
            "nodeType": "host",
            "props": Object {
              "className": "logo",
            },
            "ref": null,
            "rendered": null,
            "type": "div",
          },
          Object {
            "instance": null,
            "key": undefined,
            "nodeType": "host",
            "props": Object {
              "children": Array [
                <li>
                  <Link
                    aria-label="link to the homepage"
                    replace={false}
                    to="/"
                  >
                    Home
                  </Link>
                </li>,
                <li>
                  <Link
                    aria-label="link to the blog section"
                    replace={false}
                    to="/blog"
                  >
                    Blog
                  </Link>
                </li>,
                <li>
                  <Link
                    aria-label="link to Ken Elliott's resume"
                    replace={false}
                    to="/resume"
                  >
                    Resume
                  </Link>
                </li>,
                <li>
                  <a
                    aria-label="link to the contact form"
                    href="#4"
                  >
                    Contact
                  </a>
                </li>,
              ],
              "className": "routes-nav",
            },
            "ref": null,
            "rendered": Array [
              Object {
                "instance": null,
                "key": undefined,
                "nodeType": "host",
                "props": Object {
                  "children": <Link
                    aria-label="link to the homepage"
                    replace={false}
                    to="/"
                  >
                    Home
                  </Link>,
                },
                "ref": null,
                "rendered": Object {
                  "instance": null,
                  "key": undefined,
                  "nodeType": "class",
                  "props": Object {
                    "aria-label": "link to the homepage",
                    "children": "Home",
                    "replace": false,
                    "to": "/",
                  },
                  "ref": null,
                  "rendered": "Home",
                  "type": [Function],
                },
                "type": "li",
              },
              Object {
                "instance": null,
                "key": undefined,
                "nodeType": "host",
                "props": Object {
                  "children": <Link
                    aria-label="link to the blog section"
                    replace={false}
                    to="/blog"
                  >
                    Blog
                  </Link>,
                },
                "ref": null,
                "rendered": Object {
                  "instance": null,
                  "key": undefined,
                  "nodeType": "class",
                  "props": Object {
                    "aria-label": "link to the blog section",
                    "children": "Blog",
                    "replace": false,
                    "to": "/blog",
                  },
                  "ref": null,
                  "rendered": "Blog",
                  "type": [Function],
                },
                "type": "li",
              },
              Object {
                "instance": null,
                "key": undefined,
                "nodeType": "host",
                "props": Object {
                  "children": <Link
                    aria-label="link to Ken Elliott's resume"
                    replace={false}
                    to="/resume"
                  >
                    Resume
                  </Link>,
                },
                "ref": null,
                "rendered": Object {
                  "instance": null,
                  "key": undefined,
                  "nodeType": "class",
                  "props": Object {
                    "aria-label": "link to Ken Elliott's resume",
                    "children": "Resume",
                    "replace": false,
                    "to": "/resume",
                  },
                  "ref": null,
                  "rendered": "Resume",
                  "type": [Function],
                },
                "type": "li",
              },
              Object {
                "instance": null,
                "key": undefined,
                "nodeType": "host",
                "props": Object {
                  "children": <a
                    aria-label="link to the contact form"
                    href="#4"
                  >
                    Contact
                  </a>,
                },
                "ref": null,
                "rendered": Object {
                  "instance": null,
                  "key": undefined,
                  "nodeType": "host",
                  "props": Object {
                    "aria-label": "link to the contact form",
                    "children": "Contact",
                    "href": "#4",
                  },
                  "ref": null,
                  "rendered": "Contact",
                  "type": "a",
                },
                "type": "li",
              },
            ],
            "type": "ul",
          },
        ],
        "type": "div",
      },
      "type": "section",
    },
  ],
  Symbol(enzyme.__options__): Object {
    "adapter": ReactSixteenAdapter {
      "options": Object {
        "enableComponentDidUpdateOnSetState": true,
      },
    },
  },
}
`;
